
> attendance-tracker@0.1.0 test
> vitest run


[1m[46m RUN [49m[22m [36mv4.0.18 [39m[90mC:/Users/amitv/Desktop/Git_repos/Project/attendance-tracker[39m

 [32mΓ£ô[39m __tests__/attendance.test.ts [2m([22m[2m28 tests[22m[2m)[22m[32m 7[2mms[22m[39m
 [32mΓ£ô[39m __tests__/strategy.test.ts [2m([22m[2m6 tests[22m[2m)[22m[32m 4[2mms[22m[39m
 [31mΓ¥»[39m __tests__/timetable.test.ts [2m([22m[2m14 tests[22m[2m | [22m[31m1 failed[39m[2m)[22m[32m 25[2mms[22m[39m
       [32mΓ£ô[39m returns entries for a valid division[32m 1[2mms[22m[39m
       [32mΓ£ô[39m returns empty array for invalid division[32m 1[2mms[22m[39m
       [32mΓ£ô[39m each entry has required fields[32m 2[2mms[22m[39m
       [32mΓ£ô[39m returns subject metadata for 6A22[32m 0[2mms[22m[39m
       [32mΓ£ô[39m each subject has id, full, short[32m 0[2mms[22m[39m
[31m       [31m├ù[31m resolves ML to Machine Learning[39m[32m 6[2mms[22m[39m
       [32mΓ£ô[39m returns short name if not found[32m 0[2mms[22m[39m
       [32mΓ£ô[39m returns grid with all days[32m 0[2mms[22m[39m
       [32mΓ£ô[39m has teaching slots for each day[32m 0[2mms[22m[39m
       [32mΓ£ô[39m returns lectures for upcoming days[32m 10[2mms[22m[39m
       [32mΓ£ô[39m respects withinDays parameter[32m 0[2mms[22m[39m
       [32mΓ£ô[39m returns sorted unique subjects[32m 0[2mms[22m[39m
       [32mΓ£ô[39m contains 30 divisions[32m 0[2mms[22m[39m
       [32mΓ£ô[39m includes 6A22[32m 0[2mms[22m[39m
node.exe : 
At line:1 char:1
+ & "C:\Program 
Files\nodejs/node.exe" 
"C:\Program 
Files\nodejs/node_mo ...
+ ~~~~~~~~~~~~~~~~~~~~~~
~~~~~~~~~~~~~~~~~~~~~~~~
~~~~~~~~~~~~~~~~~~~~~~~
    + CategoryInfo      
        : NotSpecified  
  : (:String) [], Rem   
 oteException
    + FullyQualifiedErr 
   orId : NativeComman  
  dError
 
[31mΓÄ»ΓÄ»ΓÄ»ΓÄ»ΓÄ»ΓÄ»Γ
Ä»[39m[1m[41m Failed 
Tests 1 [49m[22m[31mΓ
Ä»ΓÄ»ΓÄ»ΓÄ»ΓÄ»ΓÄ»ΓÄ»[39
m

[41m[1m FAIL 
[22m[49m __tests__/tim
etable.test.ts[2m > 
[22mTimetable 
Service[2m > [22mgetSu
bjectFullName[2m > 
[22mresolves ML to 
Machine Learning
[31m[1mAssertionError
[22m: expected 'ML' to 
be 'Machine Learning' 
// Object.is 
equality[39m

Expected: 
[32m"M[7machine 
Learning[27m"[39m
Received: 
[31m"M[7mL[27m"[39m

[36m [2mΓ¥»[22m __tes
ts__/timetable.test.ts:
[2m54:26[22m[39m
    [90m 52| [39m     
   [34mit[39m([32m're
solves ML to Machine Lea
rning'[39m[33m,[39m 
() [33m=>[39m {
    [90m 53| [39m     
       [35mconst[39m 
name [33m=[39m [34mge
tSubjectFullName[39m([
32m'6A22'[39m[33m,[39
m [32m'ML'[39m)[33m;
[39m
    [90m 54| [39m     
       [34mexpect[39m(
name)[33m.[39m[34mtoB
e[39m([32m'Machine Lea
rning'[39m)[33m;[39m
    [90m   | [39m     
                    
[31m^[39m
    [90m 55| [39m     
   })[33m;[39m
    [90m 56| [39m

[31m[2mΓÄ»ΓÄ»ΓÄ»ΓÄ»ΓÄ»
ΓÄ»ΓÄ»ΓÄ»ΓÄ»ΓÄ»ΓÄ»ΓÄ»ΓÄ»
ΓÄ»ΓÄ»ΓÄ»ΓÄ»ΓÄ»ΓÄ»ΓÄ»ΓÄ»
ΓÄ»ΓÄ»ΓÄ»[1/1]ΓÄ»[22m[
39m


[2m Test Files [22m [1m[31m1 failed[39m[22m[2m | [22m[1m[32m2 passed[39m[22m[90m (3)[39m
[2m      Tests [22m [1m[31m1 failed[39m[22m[2m | [22m[1m[32m47 passed[39m[22m[90m (48)[39m
[2m   Start at [22m 23:44:26
[2m   Duration [22m 1.56s[2m (transform 342ms, setup 0ms, import 430ms, tests 36ms, environment 3.35s)[22m

